*** EVALUATION ***
PROGRAM "D:\Wissen\OneDrive - bwedu\Studium\Semester 4\Computerarchitektur\Lab\Lab 1\Abgabe\lab1_3.2\bin\Simulator.abs"

*********************************************************************************************
TARGET SECTION
---------------------------------------------------------------------------------------------
Processor   : Freescale HC12
Memory Model: SMALL
File Format : ELF\DWARF 2.0
Linker      : SmartLinker V-5.0.40 Build 10203, Jul 23 2010

*********************************************************************************************
FILE SECTION
---------------------------------------------------------------------------------------------
main.asm.o                              Model: SMALL,         Lang: Assembler
lcd.asm.o                               Model: SMALL,         Lang: Assembler
delay.asm.o                             Model: SMALL,         Lang: Assembler
led.asm.o                               Model: SMALL,         Lang: Assembler
hexToASCII.asm.o                        Model: SMALL,         Lang: Assembler
decToASCII.asm.o                        Model: SMALL,         Lang: Assembler

*********************************************************************************************
STARTUP SECTION
---------------------------------------------------------------------------------------------
Entry point: 0xC000 (Entry)

*********************************************************************************************
SECTION-ALLOCATION SECTION
Section Name                    Size  Type     From       To       Segment
---------------------------------------------------------------------------------------------
.init                            500     R     0xC000     0xC1F3   ROM_C000
.data                              5   R/W     0x1000     0x1004   RAM
.const                            25     R     0xC1F4     0xC20C   ROM_C000
.stack                           256   R/W     0x1005     0x1104   RAM
.vectSeg0_vect                     2     R     0xFFFE     0xFFFF   .vectSeg0

Summary of section sizes per section type:
READ_ONLY (R):         20F (dec:      527)
READ_WRITE (R/W):      105 (dec:      261)

*********************************************************************************************
VECTOR-ALLOCATION SECTION
    Address     InitValue   InitFunction
---------------------------------------------------------------------------------------------
     0xFFFE        0xC000   Entry

*********************************************************************************************
OBJECT-ALLOCATION SECTION
     Name               Module                 Addr   hSize   dSize     Ref    Section   RLIB
---------------------------------------------------------------------------------------------
MODULE:                 -- main.asm.o --
- PROCEDURES:
     Entry                                     C000      1F      31       0   .init       
     main                                      C000       0       0       0   .init       
     program                                   C01F      34      52       0   .init       
     STB                                       C053       5       5       0   .init       
     plus16                                    C058       5       5       0   .init       
     minus16                                   C05D       5       5       0   .init       
     plus10                                    C062       5       5       0   .init       
     minus10                                   C067       5       5       0   .init       
- VARIABLES:
     value                                     1000       2       2       3   .data       
     string                                    1002       1       1       1   .data       
- LABELS:
     __SEG_END_SSTACK                          1105       0       0       1               
MODULE:                 -- lcd.asm.o --
- PROCEDURES:
     initLCD                                   C06C      27      39       1   .init       
     inext1                                    C093      18      24       0   .init       
     inext2                                    C0AB       F      15       0   .init       
     writeLine                                 C0BA       F      15       2   .init       
     writeLine1                                C0C9       2       2       0   .init       
     wDo                                       C0CB       8       8       0   .init       
     next                                      C0D3       D      13       0   .init       
     pad                                       C0E0       A      10       0   .init       
     wEnd                                      C0EA       3       3       0   .init       
     delay_10ms                                C0ED       8       8       3   .init       
     delay_5ms                                 C0F5       8       8       2   .init       
     delay_50us                                C0FD       8       8       1   .init       
     del1                                      C105       6       6       0   .init       
     sel_data                                  C10B       4       4       1   .init       
     sel_inst                                  C10F       4       4       3   .init       
     outputByte                                C113       C      12       5   .init       
- VARIABLES:
     VAR00001                                  1003       1       1       2   .data       
     temp1                                     1004       1       1       0   .data       
     VAR00002                                  C1F4       1       1       1   .const      
     VAR00003                                  C1F5       1       1       0   .const      
     VAR00004                                  C1F6       1       1       0   .const      
     VAR00005                                  C1F7       1       1       0   .const      
     VAR00006                                  C1F8       1       1       1   .const      
     VAR00007                                  C1F9       1       1       0   .const      
     VAR00008                                  C1FA       1       1       0   .const      
     VAR00009                                  C1FB       1       1       0   .const      
     VAR00010                                  C1FC       1       1       0   .const      
MODULE:                 -- delay.asm.o --
- PROCEDURES:
     delay_0_5sec                              C11F       5       5       1   .init       
     waitO                                     C124       3       3       0   .init       
     waitI                                     C127       9       9       0   .init       
- VARIABLES:
MODULE:                 -- led.asm.o --
- PROCEDURES:
     initLED                                   C130      1D      29       1   .init       
     setLED                                    C14D       3       3       1   .init       
     getLED                                    C150       3       3       0   .init       
     toggleLED                                 C153       7       7       0   .init       
- VARIABLES:
MODULE:                 -- hexToASCII.asm.o --
- PROCEDURES:
     hexToASCII                                C15A      45      69       1   .init       
- VARIABLES:
     H2A                                       C1FD      10      16       4   .const      
MODULE:                 -- decToASCII.asm.o --
- PROCEDURES:
     decToASCII                                C19F       E      14       1   .init       
     negativeValue                             C1AD       7       7       0   .init       
     divide                                    C1B4      40      64       0   .init       
- VARIABLES:

*********************************************************************************************
MODULE STATISTIC
  Name                                      Data   Code  Const
---------------------------------------------------------------------------------------------
  main.asm.o                                   3    108      0
  lcd.asm.o                                    2    179      9
  delay.asm.o                                  0     17      0
  led.asm.o                                    0     42      0
  hexToASCII.asm.o                             0     69     16
  decToASCII.asm.o                             0     85      0
  other                                      256      2      0

*********************************************************************************************
SECTION USE IN OBJECT-ALLOCATION SECTION
---------------------------------------------------------------------------------------------
SECTION: ".data"
  value string VAR00001 temp1 
SECTION: ".init"
  main Entry program STB plus16 minus16 plus10 minus10 initLCD inext1 inext2 
  writeLine writeLine1 wDo next pad wEnd delay_10ms delay_5ms delay_50us del1 
  sel_data sel_inst outputByte delay_0_5sec waitO waitI initLED setLED getLED 
  toggleLED hexToASCII decToASCII negativeValue divide 
SECTION: ".const"
  VAR00002 VAR00003 VAR00004 VAR00005 VAR00006 VAR00007 VAR00008 VAR00009 
  VAR00010 H2A 

*********************************************************************************************
OBJECT LIST SORTED BY ADDRESS
     Name                                      Addr   hSize   dSize     Ref    Section   RLIB
---------------------------------------------------------------------------------------------
     value                                     1000       2       2       3   .data       
     string                                    1002       1       1       1   .data       
     VAR00001                                  1003       1       1       2   .data       
     temp1                                     1004       1       1       0   .data       
     main                                      C000       0       0       0   .init       
     Entry                                     C000      1F      31       0   .init       
     program                                   C01F      34      52       0   .init       
     STB                                       C053       5       5       0   .init       
     plus16                                    C058       5       5       0   .init       
     minus16                                   C05D       5       5       0   .init       
     plus10                                    C062       5       5       0   .init       
     minus10                                   C067       5       5       0   .init       
     initLCD                                   C06C      27      39       1   .init       
     inext1                                    C093      18      24       0   .init       
     inext2                                    C0AB       F      15       0   .init       
     writeLine                                 C0BA       F      15       2   .init       
     writeLine1                                C0C9       2       2       0   .init       
     wDo                                       C0CB       8       8       0   .init       
     next                                      C0D3       D      13       0   .init       
     pad                                       C0E0       A      10       0   .init       
     wEnd                                      C0EA       3       3       0   .init       
     delay_10ms                                C0ED       8       8       3   .init       
     delay_5ms                                 C0F5       8       8       2   .init       
     delay_50us                                C0FD       8       8       1   .init       
     del1                                      C105       6       6       0   .init       
     sel_data                                  C10B       4       4       1   .init       
     sel_inst                                  C10F       4       4       3   .init       
     outputByte                                C113       C      12       5   .init       
     delay_0_5sec                              C11F       5       5       1   .init       
     waitO                                     C124       3       3       0   .init       
     waitI                                     C127       9       9       0   .init       
     initLED                                   C130      1D      29       1   .init       
     setLED                                    C14D       3       3       1   .init       
     getLED                                    C150       3       3       0   .init       
     toggleLED                                 C153       7       7       0   .init       
     hexToASCII                                C15A      45      69       1   .init       
     decToASCII                                C19F       E      14       1   .init       
     negativeValue                             C1AD       7       7       0   .init       
     divide                                    C1B4      40      64       0   .init       
     VAR00002                                  C1F4       1       1       1   .const      
     VAR00003                                  C1F5       1       1       0   .const      
     VAR00004                                  C1F6       1       1       0   .const      
     VAR00005                                  C1F7       1       1       0   .const      
     VAR00006                                  C1F8       1       1       1   .const      
     VAR00007                                  C1F9       1       1       0   .const      
     VAR00008                                  C1FA       1       1       0   .const      
     VAR00009                                  C1FB       1       1       0   .const      
     VAR00010                                  C1FC       1       1       0   .const      
     H2A                                       C1FD      10      16       4   .const      

*********************************************************************************************
UNUSED-OBJECTS SECTION
---------------------------------------------------------------------------------------------

*********************************************************************************************
COPYDOWN SECTION
---------------------------------------------------------------------------------------------

*********************************************************************************************
OBJECT-DEPENDENCIES SECTION
---------------------------------------------------------------------------------------------
Entry                     USES __SEG_END_SSTACK delay_10ms initLCD initLED 
                                string value 
program                   USES value decToASCII writeLine hexToASCII setLED 
                                delay_0_5sec 
STB                       USES value 
initLCD                   USES delay_10ms VAR00002 VAR00001 sel_inst 
inext1                    USES outputByte delay_5ms VAR00006 VAR00001 sel_inst 
inext2                    USES outputByte delay_5ms 
writeLine                 USES sel_inst 
wDo                       USES outputByte sel_data 
next                      USES outputByte 
pad                       USES outputByte 
outputByte                USES delay_50us 
hexToASCII                USES H2A 

*********************************************************************************************
DEPENDENCY TREE
*********************************************************************************************
 main and _Startup Group
 | 
 +- main                
 |    
 +- Entry               
    | 
    +- delay_10ms          
    |    
    +- initLCD             
    |  | 
    |  +- delay_10ms           (see above)
    |  |  
    |  +- sel_inst            
    |       
    +- initLED             
         
*********************************************************************************************
STATISTIC SECTION
---------------------------------------------------------------------------------------------

ExeFile:
--------
Number of blocks to be downloaded: 2
Total size of all blocks to be downloaded: 527

